nohup: ignoring input
[09:46:54] waiting for base checkpoint (step >= 1000) in checkpoints_bluscriptcp ...
[09:46:54] base done: run 20  (checkpoints_bluscriptcp/blumodelcp_run20_step_1000.ckpt)
[09:46:54] LongRoPE search: target=16384 s=4  (POP=64 ITERS=40 CALIB=3)
[YaRN] build_rope_cache: seq_len=16384 hd=64 scale=4.000 low=7 high=16 m=1.1386
[longrope-search] resident evaluator ready: T=16384 windows=3 (feed candidate factor-file paths on stdin; 'PPL <v>' per line back)
[LongRoPE] build_rope_cache_longrope: seq_len=16384 hd=64 n_hat=0 lam0=4.0000 lam_last=4.0000
[LongRoPE] build_rope_cache_longrope: seq_len=16384 hd=64 n_hat=0 lam0=1.0000 lam_last=4.0000
[LongRoPE] build_rope_cache_longrope: seq_len=16384 hd=64 n_hat=0 lam0=1.0000 lam_last=4.0000
[LongRoPE] build_rope_cache_longrope: seq_len=16384 hd=64 n_hat=0 lam0=1.0000 lam_last=4.8600
[LongRoPE] build_rope_cache_longrope: seq_len=16384 hd=64 n_hat=0 lam0=1.0000 lam_last=4.8700
[LongRoPE] build_rope_cache_longrope: seq_len=16384 hd=64 n_hat=0 lam0=1.0000 lam_last=4.7400
[LongRoPE] build_rope_cache_longrope: seq_len=16384 hd=64 n_hat=0 lam0=1.5900 lam_last=4.9200
[LongRoPE] build_rope_cache_longrope: seq_len=16384 hd=64 n_hat=64 lam0=1.0000 lam_last=4.9000
[LongRoPE] build_rope_cache_longrope: seq_len=16384 hd=64 n_hat=24 lam0=4.0000 lam_last=4.6700
[LongRoPE] build_rope_cache_longrope: seq_len=16384 hd=64 n_hat=0 lam0=1.0000 lam_last=4.8300
[LongRoPE] build_rope_cache_longrope: seq_len=16384 hd=64 n_hat=128 lam0=1.0000 lam_last=4.0000
[LongRoPE] build_rope_cache_longrope: seq_len=16384 hd=64 n_hat=0 lam0=4.0000 lam_last=4.6100
[LongRoPE] build_rope_cache_longrope: seq_len=16384 hd=64 n_hat=0 lam0=1.0000 lam_last=4.0000
[LongRoPE] build_rope_cache_longrope: seq_len=16384 hd=64 n_hat=0 lam0=4.0000 lam_last=4.9700
[LongRoPE] build_rope_cache_longrope: seq_len=16384 hd=64 n_hat=0 lam0=4.0000 lam_last=5.0000
[LongRoPE] build_rope_cache_longrope: seq_len=16384 hd=64 n_hat=0 lam0=1.0000 lam_last=4.9600
[LongRoPE] build_rope_cache_longrope: seq_len=16384 hd=64 n_hat=0 lam0=2.0600 lam_last=4.8600
[LongRoPE] build_rope_cache_longrope: seq_len=16384 hd=64 n_hat=8 lam0=1.9400 lam_last=4.9000
[LongRoPE] build_rope_cache_longrope: seq_len=16384 hd=64 n_hat=0 lam0=1.0000 lam_last=4.9000
[LongRoPE] build_rope_cache_longrope: seq_len=16384 hd=64 n_hat=2 lam0=3.5000 lam_last=4.8400
[LongRoPE] build_rope_cache_longrope: seq_len=16384 hd=64 n_hat=0 lam0=1.0000 lam_last=4.6300
[LongRoPE] build_rope_cache_longrope: seq_len=16384 hd=64 n_hat=4 lam0=3.1900 lam_last=4.7300
[LongRoPE] build_rope_cache_longrope: seq_len=16384 hd=64 n_hat=0 lam0=4.0000 lam_last=4.7700
[LongRoPE] build_rope_cache_longrope: seq_len=16384 hd=64 n_hat=0 lam0=4.0000 lam_last=4.9600
[LongRoPE] build_rope_cache_longrope: seq_len=16384 hd=64 n_hat=0 lam0=1.0000 lam_last=4.3800
[LongRoPE] build_rope_cache_longrope: seq_len=16384 hd=64 n_hat=0 lam0=4.0000 lam_last=4.8500
[LongRoPE] build_rope_cache_longrope: seq_len=16384 hd=64 n_hat=0 lam0=1.0000 lam_last=4.6900
[LongRoPE] build_rope_cache_longrope: seq_len=16384 hd=64 n_hat=0 lam0=1.0000 lam_last=5.0000
[LongRoPE] build_rope_cache_longrope: seq_len=16384 hd=64 n_hat=0 lam0=1.0000 lam_last=4.8800
[LongRoPE] build_rope_cache_longrope: seq_len=16384 hd=64 n_hat=0 lam0=4.0000 lam_last=4.4300
[LongRoPE] build_rope_cache_longrope: seq_len=16384 hd=64 n_hat=0 lam0=1.0000 lam_last=4.9500
[LongRoPE] build_rope_cache_longrope: seq_len=16384 hd=64 n_hat=0 lam0=4.1100 lam_last=4.1100
[LongRoPE] build_rope_cache_longrope: seq_len=16384 hd=64 n_hat=0 lam0=1.0000 lam_last=4.9900
[LongRoPE] build_rope_cache_longrope: seq_len=16384 hd=64 n_hat=0 lam0=3.1500 lam_last=4.9700
[LongRoPE] build_rope_cache_longrope: seq_len=16384 hd=64 n_hat=24 lam0=1.0000 lam_last=4.1300
[LongRoPE] build_rope_cache_longrope: seq_len=16384 hd=64 n_hat=0 lam0=3.1000 lam_last=4.7200
[LongRoPE] build_rope_cache_longrope: seq_len=16384 hd=64 n_hat=256 lam0=1.0000 lam_last=4.9800
[LongRoPE] build_rope_cache_longrope: seq_len=16384 hd=64 n_hat=20 lam0=1.0000 lam_last=4.6200
[LongRoPE] build_rope_cache_longrope: seq_len=16384 hd=64 n_hat=0 lam0=4.1300 lam_last=4.9800
[LongRoPE] build_rope_cache_longrope: seq_len=16384 hd=64 n_hat=0 lam0=4.0000 lam_last=4.9400
[LongRoPE] build_rope_cache_longrope: seq_len=16384 hd=64 n_hat=0 lam0=1.0000 lam_last=4.9500
[LongRoPE] build_rope_cache_longrope: seq_len=16384 hd=64 n_hat=20 lam0=2.2300 lam_last=4.9500
[LongRoPE] build_rope_cache_longrope: seq_len=16384 hd=64 n_hat=16 lam0=4.0900 lam_last=4.8700
[LongRoPE] build_rope_cache_longrope: seq_len=16384 hd=64 n_hat=0 lam0=1.0000 lam_last=4.0900
[LongRoPE] build_rope_cache_longrope: seq_len=16384 hd=64 n_hat=0 lam0=4.0000 lam_last=4.2200
[LongRoPE] build_rope_cache_longrope: seq_len=16384 hd=64 n_hat=0 lam0=5.0000 lam_last=5.0000
[LongRoPE] build_rope_cache_longrope: seq_len=16384 hd=64 n_hat=0 lam0=4.0300 lam_last=4.6200
[LongRoPE] build_rope_cache_longrope: seq_len=16384 hd=64 n_hat=2 lam0=4.0000 lam_last=4.6900
[LongRoPE] build_rope_cache_longrope: seq_len=16384 hd=64 n_hat=0 lam0=1.0000 lam_last=4.8200
[LongRoPE] build_rope_cache_longrope: seq_len=16384 hd=64 n_hat=8 lam0=4.7500 lam_last=4.8700
[LongRoPE] build_rope_cache_longrope: seq_len=16384 hd=64 n_hat=0 lam0=1.0000 lam_last=4.7800
[LongRoPE] build_rope_cache_longrope: seq_len=16384 hd=64 n_hat=0 lam0=4.0000 lam_last=4.9500
[LongRoPE] build_rope_cache_longrope: seq_len=16384 hd=64 n_hat=0 lam0=4.7300 lam_last=4.9100
[LongRoPE] build_rope_cache_longrope: seq_len=16384 hd=64 n_hat=0 lam0=4.0000 lam_last=4.5000
[LongRoPE] build_rope_cache_longrope: seq_len=16384 hd=64 n_hat=0 lam0=3.1900 lam_last=4.8900
[LongRoPE] build_rope_cache_longrope: seq_len=16384 hd=64 n_hat=0 lam0=1.0000 lam_last=4.4600
[LongRoPE] build_rope_cache_longrope: seq_len=16384 hd=64 n_hat=2 lam0=4.0000 lam_last=4.6800
[LongRoPE] build_rope_cache_longrope: seq_len=16384 hd=64 n_hat=0 lam0=4.0000 lam_last=4.6200
[LongRoPE] build_rope_cache_longrope: seq_len=16384 hd=64 n_hat=0 lam0=4.0000 lam_last=4.6300
[LongRoPE] build_rope_cache_longrope: seq_len=16384 hd=64 n_hat=0 lam0=1.0000 lam_last=4.4300
[gen 0] seeds -> best PPL 121.1728 (PI=185.87062, NTK=121.1728, YaRN=122.92648)
[LongRoPE] build_rope_cache_longrope: seq_len=16384 hd=64 n_hat=0 lam0=1.0000 lam_last=4.6300
[LongRoPE] build_rope_cache_longrope: seq_len=16384 hd=64 n_hat=0 lam0=3.1500 lam_last=4.9700
[LongRoPE] build_rope_cache_longrope: seq_len=16384 hd=64 n_hat=0 lam0=1.0000 lam_last=4.9700
[LongRoPE] build_rope_cache_longrope: seq_len=16384 hd=64 n_hat=0 lam0=1.0000 lam_last=4.8800
[LongRoPE] build_rope_cache_longrope: seq_len=16384 hd=64 n_hat=0 lam0=1.0000 lam_last=4.9900
[LongRoPE] build_rope_cache_longrope: seq_len=16384 hd=64 n_hat=0 lam0=1.0000 lam_last=4.3000
[LongRoPE] build_rope_cache_longrope: seq_len=16384 hd=64 n_hat=0 lam0=2.9900 lam_last=4.9200
[LongRoPE] build_rope_cache_longrope: seq_len=16384 hd=64 n_hat=32 lam0=3.0500 lam_last=4.8300
[LongRoPE] build_rope_cache_longrope: seq_len=16384 hd=64 n_hat=0 lam0=3.6600 lam_last=4.9200
[LongRoPE] build_rope_cache_longrope: seq_len=16384 hd=64 n_hat=0 lam0=1.0000 lam_last=4.8000
[LongRoPE] build_rope_cache_longrope: seq_len=16384 hd=64 n_hat=8 lam0=1.9400 lam_last=4.9000
[LongRoPE] build_rope_cache_longrope: seq_len=16384 hd=64 n_hat=0 lam0=1.0000 lam_last=4.9500
[LongRoPE] build_rope_cache_longrope: seq_len=16384 hd=64 n_hat=0 lam0=1.0000 lam_last=4.8300
[LongRoPE] build_rope_cache_longrope: seq_len=16384 hd=64 n_hat=0 lam0=4.0900 lam_last=4.9700
[LongRoPE] build_rope_cache_longrope: seq_len=16384 hd=64 n_hat=128 lam0=1.0000 lam_last=4.2100
[LongRoPE] build_rope_cache_longrope: seq_len=16384 hd=64 n_hat=12 lam0=1.0000 lam_last=4.3800
[LongRoPE] build_rope_cache_longrope: seq_len=16384 hd=64 n_hat=0 lam0=1.0000 lam_last=4.9000
[LongRoPE] build_rope_cache_longrope: seq_len=16384 hd=64 n_hat=0 lam0=3.1900 lam_last=4.9200
[LongRoPE] build_rope_cache_longrope: seq_len=16384 hd=64 n_hat=2 lam0=3.5000 lam_last=4.8400
[LongRoPE] build_rope_cache_longrope: seq_len=16384 hd=64 n_hat=0 lam0=1.0000 lam_last=4.7400
[LongRoPE] build_rope_cache_longrope: seq_len=16384 hd=64 n_hat=4 lam0=1.0000 lam_last=4.9500
[LongRoPE] build_rope_cache_longrope: seq_len=16384 hd=64 n_hat=2 lam0=3.5000 lam_last=4.8400
[LongRoPE] build_rope_cache_longrope: seq_len=16384 hd=64 n_hat=0 lam0=1.0000 lam_last=4.9000
[LongRoPE] build_rope_cache_longrope: seq_len=16384 hd=64 n_hat=0 lam0=1.0000 lam_last=4.9700
[LongRoPE] build_rope_cache_longrope: seq_len=16384 hd=64 n_hat=0 lam0=1.0000 lam_last=4.7400
[LongRoPE] build_rope_cache_longrope: seq_len=16384 hd=64 n_hat=0 lam0=3.5000 lam_last=4.9000
[LongRoPE] build_rope_cache_longrope: seq_len=16384 hd=64 n_hat=0 lam0=1.0000 lam_last=4.9700
[LongRoPE] build_rope_cache_longrope: seq_len=16384 hd=64 n_hat=256 lam0=2.0600 lam_last=4.9800
[LongRoPE] build_rope_cache_longrope: seq_len=16384 hd=64 n_hat=0 lam0=1.5900 lam_last=4.9500
[LongRoPE] build_rope_cache_longrope: seq_len=16384 hd=64 n_hat=0 lam0=1.0000 lam_last=4.9700
[gen 1] best PPL 121.1728  n_hat=0  evals=90  elapsed=0.51h
[LongRoPE] build_rope_cache_longrope: seq_len=16384 hd=64 n_hat=0 lam0=1.0000 lam_last=5.0000
[LongRoPE] build_rope_cache_longrope: seq_len=16384 hd=64 n_hat=0 lam0=1.0000 lam_last=4.7100
[LongRoPE] build_rope_cache_longrope: seq_len=16384 hd=64 n_hat=0 lam0=1.0000 lam_last=4.7400
[LongRoPE] build_rope_cache_longrope: seq_len=16384 hd=64 n_hat=0 lam0=1.0000 lam_last=4.4600
[LongRoPE] build_rope_cache_longrope: seq_len=16384 hd=64 n_hat=0 lam0=4.8100 lam_last=4.8100
[LongRoPE] build_rope_cache_longrope: seq_len=16384 hd=64 n_hat=4 lam0=1.5900 lam_last=4.9200
[LongRoPE] build_rope_cache_longrope: seq_len=16384 hd=64 n_hat=8 lam0=1.0000 lam_last=4.9200
[LongRoPE] build_rope_cache_longrope: seq_len=16384 hd=64 n_hat=0 lam0=1.0000 lam_last=4.7400
[LongRoPE] build_rope_cache_longrope: seq_len=16384 hd=64 n_hat=0 lam0=1.0000 lam_last=4.7400
[LongRoPE] build_rope_cache_longrope: seq_len=16384 hd=64 n_hat=0 lam0=3.3400 lam_last=4.9900
[LongRoPE] build_rope_cache_longrope: seq_len=16384 hd=64 n_hat=0 lam0=1.0000 lam_last=4.9500
[LongRoPE] build_rope_cache_longrope: seq_len=16384 hd=64 n_hat=0 lam0=4.7300 lam_last=4.7300
[LongRoPE] build_rope_cache_longrope: seq_len=16384 hd=64 n_hat=0 lam0=1.0000 lam_last=4.9900
[LongRoPE] build_rope_cache_longrope: seq_len=16384 hd=64 n_hat=256 lam0=2.2100 lam_last=4.8300
[LongRoPE] build_rope_cache_longrope: seq_len=16384 hd=64 n_hat=24 lam0=1.0000 lam_last=4.2200
[LongRoPE] build_rope_cache_longrope: seq_len=16384 hd=64 n_hat=24 lam0=1.0000 lam_last=4.9100
[LongRoPE] build_rope_cache_longrope: seq_len=16384 hd=64 n_hat=0 lam0=1.0000 lam_last=4.9800
[LongRoPE] build_rope_cache_longrope: seq_len=16384 hd=64 n_hat=0 lam0=1.0000 lam_last=4.9200
[LongRoPE] build_rope_cache_longrope: seq_len=16384 hd=64 n_hat=0 lam0=2.0600 lam_last=4.8600
[LongRoPE] build_rope_cache_longrope: seq_len=16384 hd=64 n_hat=0 lam0=1.0000 lam_last=4.6300
[LongRoPE] build_rope_cache_longrope: seq_len=16384 hd=64 n_hat=0 lam0=1.0000 lam_last=4.9000
[LongRoPE] build_rope_cache_longrope: seq_len=16384 hd=64 n_hat=128 lam0=1.0000 lam_last=4.3000
[LongRoPE] build_rope_cache_longrope: seq_len=16384 hd=64 n_hat=0 lam0=1.0000 lam_last=4.9000
[LongRoPE] build_rope_cache_longrope: seq_len=16384 hd=64 n_hat=24 lam0=1.0000 lam_last=4.9500
[LongRoPE] build_rope_cache_longrope: seq_len=16384 hd=64 n_hat=0 lam0=1.0000 lam_last=4.9000
[LongRoPE] build_rope_cache_longrope: seq_len=16384 hd=64 n_hat=0 lam0=1.0000 lam_last=4.9900
[LongRoPE] build_rope_cache_longrope: seq_len=16384 hd=64 n_hat=0 lam0=1.0000 lam_last=4.8600
[LongRoPE] build_rope_cache_longrope: seq_len=16384 hd=64 n_hat=0 lam0=1.0000 lam_last=4.7400
[LongRoPE] build_rope_cache_longrope: seq_len=16384 hd=64 n_hat=128 lam0=1.0000 lam_last=4.6300
[LongRoPE] build_rope_cache_longrope: seq_len=16384 hd=64 n_hat=4 lam0=1.0000 lam_last=4.9800
[LongRoPE] build_rope_cache_longrope: seq_len=16384 hd=64 n_hat=0 lam0=1.0000 lam_last=4.9000
[gen 2] best PPL 121.1728  n_hat=0  evals=121  elapsed=0.70h
[LongRoPE] build_rope_cache_longrope: seq_len=16384 hd=64 n_hat=0 lam0=1.0000 lam_last=4.9000
[LongRoPE] build_rope_cache_longrope: seq_len=16384 hd=64 n_hat=0 lam0=1.0000 lam_last=4.7400
[LongRoPE] build_rope_cache_longrope: seq_len=16384 hd=64 n_hat=128 lam0=4.9600 lam_last=4.9800
[LongRoPE] build_rope_cache_longrope: seq_len=16384 hd=64 n_hat=28 lam0=1.0000 lam_last=4.5000
[LongRoPE] build_rope_cache_longrope: seq_len=16384 hd=64 n_hat=64 lam0=2.9600 lam_last=4.9600
[LongRoPE] build_rope_cache_longrope: seq_len=16384 hd=64 n_hat=20 lam0=1.0000 lam_last=4.8800
[LongRoPE] build_rope_cache_longrope: seq_len=16384 hd=64 n_hat=12 lam0=1.0000 lam_last=4.3800
[LongRoPE] build_rope_cache_longrope: seq_len=16384 hd=64 n_hat=24 lam0=4.9700 lam_last=4.9700
[LongRoPE] build_rope_cache_longrope: seq_len=16384 hd=64 n_hat=0 lam0=1.0000 lam_last=4.7400
[LongRoPE] build_rope_cache_longrope: seq_len=16384 hd=64 n_hat=64 lam0=1.0000 lam_last=4.0000
[LongRoPE] build_rope_cache_longrope: seq_len=16384 hd=64 n_hat=128 lam0=1.0000 lam_last=4.8800
[LongRoPE] build_rope_cache_longrope: seq_len=16384 hd=64 n_hat=0 lam0=1.0000 lam_last=4.6300
[LongRoPE] build_rope_cache_longrope: seq_len=16384 hd=64 n_hat=2 lam0=2.3100 lam_last=4.9400
[LongRoPE] build_rope_cache_longrope: seq_len=16384 hd=64 n_hat=24 lam0=1.0000 lam_last=4.6300
[LongRoPE] build_rope_cache_longrope: seq_len=16384 hd=64 n_hat=0 lam0=1.0000 lam_last=4.6300
[LongRoPE] build_rope_cache_longrope: seq_len=16384 hd=64 n_hat=0 lam0=1.1900 lam_last=4.7400
[LongRoPE] build_rope_cache_longrope: seq_len=16384 hd=64 n_hat=0 lam0=1.0000 lam_last=4.3800
[LongRoPE] build_rope_cache_longrope: seq_len=16384 hd=64 n_hat=0 lam0=1.0000 lam_last=4.4600
[LongRoPE] build_rope_cache_longrope: seq_len=16384 hd=64 n_hat=0 lam0=1.0000 lam_last=4.9000
[LongRoPE] build_rope_cache_longrope: seq_len=16384 hd=64 n_hat=0 lam0=1.0000 lam_last=4.9000
[LongRoPE] build_rope_cache_longrope: seq_len=16384 hd=64 n_hat=0 lam0=1.0000 lam_last=4.9800
[LongRoPE] build_rope_cache_longrope: seq_len=16384 hd=64 n_hat=0 lam0=1.0000 lam_last=4.9000
[LongRoPE] build_rope_cache_longrope: seq_len=16384 hd=64 n_hat=0 lam0=1.5900 lam_last=4.9200
[LongRoPE] build_rope_cache_longrope: seq_len=16384 hd=64 n_hat=0 lam0=1.0000 lam_last=4.7400
[LongRoPE] build_rope_cache_longrope: seq_len=16384 hd=64 n_hat=0 lam0=1.0000 lam_last=4.9000
[LongRoPE] build_rope_cache_longrope: seq_len=16384 hd=64 n_hat=0 lam0=1.0000 lam_last=4.9900
[LongRoPE] build_rope_cache_longrope: seq_len=16384 hd=64 n_hat=128 lam0=1.0000 lam_last=4.7400
[LongRoPE] build_rope_cache_longrope: seq_len=16384 hd=64 n_hat=12 lam0=1.0000 lam_last=4.3800
[LongRoPE] build_rope_cache_longrope: seq_len=16384 hd=64 n_hat=0 lam0=1.0000 lam_last=4.9800
[LongRoPE] build_rope_cache_longrope: seq_len=16384 hd=64 n_hat=0 lam0=1.0000 lam_last=4.9900
[LongRoPE] build_rope_cache_longrope: seq_len=16384 hd=64 n_hat=128 lam0=1.0000 lam_last=4.7400
[LongRoPE] build_rope_cache_longrope: seq_len=16384 hd=64 n_hat=0 lam0=1.0000 lam_last=4.8800
[gen 3] best PPL 121.1728  n_hat=0  evals=153  elapsed=0.89h
[LongRoPE] build_rope_cache_longrope: seq_len=16384 hd=64 n_hat=0 lam0=3.0000 lam_last=4.9900
[LongRoPE] build_rope_cache_longrope: seq_len=16384 hd=64 n_hat=12 lam0=1.0000 lam_last=4.9900
[LongRoPE] build_rope_cache_longrope: seq_len=16384 hd=64 n_hat=0 lam0=1.0000 lam_last=4.9900
[LongRoPE] build_rope_cache_longrope: seq_len=16384 hd=64 n_hat=128 lam0=1.0000 lam_last=4.9900
[LongRoPE] build_rope_cache_longrope: seq_len=16384 hd=64 n_hat=0 lam0=1.0000 lam_last=4.9800
[LongRoPE] build_rope_cache_longrope: seq_len=16384 hd=64 n_hat=0 lam0=1.0000 lam_last=4.6300
[LongRoPE] build_rope_cache_longrope: seq_len=16384 hd=64 n_hat=0 lam0=3.0600 lam_last=4.9900
[LongRoPE] build_rope_cache_longrope: seq_len=16384 hd=64 n_hat=8 lam0=1.0000 lam_last=4.9300
[LongRoPE] build_rope_cache_longrope: seq_len=16384 hd=64 n_hat=128 lam0=1.0000 lam_last=4.3400
[LongRoPE] build_rope_cache_longrope: seq_len=16384 hd=64 n_hat=12 lam0=3.0700 lam_last=4.8200
[LongRoPE] build_rope_cache_longrope: seq_len=16384 hd=64 n_hat=1 lam0=1.0000 lam_last=4.9900
[LongRoPE] build_rope_cache_longrope: seq_len=16384 hd=64 n_hat=0 lam0=1.8900 lam_last=4.7400
[LongRoPE] build_rope_cache_longrope: seq_len=16384 hd=64 n_hat=0 lam0=1.0000 lam_last=4.9900
[LongRoPE] build_rope_cache_longrope: seq_len=16384 hd=64 n_hat=0 lam0=1.0000 lam_last=4.5900
[LongRoPE] build_rope_cache_longrope: seq_len=16384 hd=64 n_hat=1 lam0=1.0000 lam_last=4.9800
[LongRoPE] build_rope_cache_longrope: seq_len=16384 hd=64 n_hat=0 lam0=1.0000 lam_last=4.9100
[LongRoPE] build_rope_cache_longrope: seq_len=16384 hd=64 n_hat=12 lam0=1.0000 lam_last=4.4300
[LongRoPE] build_rope_cache_longrope: seq_len=16384 hd=64 n_hat=0 lam0=1.0000 lam_last=4.6300
[LongRoPE] build_rope_cache_longrope: seq_len=16384 hd=64 n_hat=12 lam0=1.0000 lam_last=4.6300
[LongRoPE] build_rope_cache_longrope: seq_len=16384 hd=64 n_hat=0 lam0=1.0000 lam_last=4.7400
[LongRoPE] build_rope_cache_longrope: seq_len=16384 hd=64 n_hat=128 lam0=1.0000 lam_last=4.5000
[LongRoPE] build_rope_cache_longrope: seq_len=16384 hd=64 n_hat=0 lam0=1.0000 lam_last=4.7400
[LongRoPE] build_rope_cache_longrope: seq_len=16384 hd=64 n_hat=0 lam0=1.0000 lam_last=4.4600
[LongRoPE] build_rope_cache_longrope: seq_len=16384 hd=64 n_hat=128 lam0=1.0000 lam_last=4.5000
[LongRoPE] build_rope_cache_longrope: seq_len=16384 hd=64 n_hat=20 lam0=1.0000 lam_last=4.8800
[LongRoPE] build_rope_cache_longrope: seq_len=16384 hd=64 n_hat=0 lam0=1.0000 lam_last=4.7400
[LongRoPE] build_rope_cache_longrope: seq_len=16384 hd=64 n_hat=12 lam0=1.0000 lam_last=4.7400
[LongRoPE] build_rope_cache_longrope: seq_len=16384 hd=64 n_hat=0 lam0=1.0000 lam_last=4.4600
[LongRoPE] build_rope_cache_longrope: seq_len=16384 hd=64 n_hat=128 lam0=1.0000 lam_last=4.8800
[LongRoPE] build_rope_cache_longrope: seq_len=16384 hd=64 n_hat=28 lam0=1.0000 lam_last=4.7400
[LongRoPE] build_rope_cache_longrope: seq_len=16384 hd=64 n_hat=0 lam0=1.0000 lam_last=4.4600
[gen 4] best PPL 121.1728  n_hat=0  evals=184  elapsed=1.06h
[LongRoPE] build_rope_cache_longrope: seq_len=16384 hd=64 n_hat=12 lam0=1.0000 lam_last=4.3800
[LongRoPE] build_rope_cache_longrope: seq_len=16384 hd=64 n_hat=0 lam0=1.0000 lam_last=4.8500
[LongRoPE] build_rope_cache_longrope: seq_len=16384 hd=64 n_hat=24 lam0=1.0000 lam_last=4.8200
[LongRoPE] build_rope_cache_longrope: seq_len=16384 hd=64 n_hat=0 lam0=2.9900 lam_last=4.9800
[LongRoPE] build_rope_cache_longrope: seq_len=16384 hd=64 n_hat=32 lam0=1.0000 lam_last=4.7700
[LongRoPE] build_rope_cache_longrope: seq_len=16384 hd=64 n_hat=32 lam0=1.0000 lam_last=4.9800
[LongRoPE] build_rope_cache_longrope: seq_len=16384 hd=64 n_hat=0 lam0=1.0000 lam_last=4.9600
[LongRoPE] build_rope_cache_longrope: seq_len=16384 hd=64 n_hat=0 lam0=1.0000 lam_last=4.7400
[LongRoPE] build_rope_cache_longrope: seq_len=16384 hd=64 n_hat=0 lam0=1.7100 lam_last=4.5800
[LongRoPE] build_rope_cache_longrope: seq_len=16384 hd=64 n_hat=0 lam0=1.0000 lam_last=4.9900
[LongRoPE] build_rope_cache_longrope: seq_len=16384 hd=64 n_hat=0 lam0=1.0000 lam_last=4.9800
[LongRoPE] build_rope_cache_longrope: seq_len=16384 hd=64 n_hat=12 lam0=1.0000 lam_last=4.6800
[LongRoPE] build_rope_cache_longrope: seq_len=16384 hd=64 n_hat=0 lam0=3.5200 lam_last=5.0000
[LongRoPE] build_rope_cache_longrope: seq_len=16384 hd=64 n_hat=24 lam0=2.9300 lam_last=4.7400
[LongRoPE] build_rope_cache_longrope: seq_len=16384 hd=64 n_hat=0 lam0=1.0000 lam_last=4.9100
[LongRoPE] build_rope_cache_longrope: seq_len=16384 hd=64 n_hat=0 lam0=1.0000 lam_last=4.3800
[LongRoPE] build_rope_cache_longrope: seq_len=16384 hd=64 n_hat=28 lam0=1.0000 lam_last=4.5000
[LongRoPE] build_rope_cache_longrope: seq_len=16384 hd=64 n_hat=0 lam0=1.0000 lam_last=4.9800
[LongRoPE] build_rope_cache_longrope: seq_len=16384 hd=64 n_hat=0 lam0=1.0000 lam_last=4.6300
[LongRoPE] build_rope_cache_longrope: seq_len=16384 hd=64 n_hat=0 lam0=1.0000 lam_last=4.4600
[LongRoPE] build_rope_cache_longrope: seq_len=16384 hd=64 n_hat=0 lam0=1.0000 lam_last=4.9800
[LongRoPE] build_rope_cache_longrope: seq_len=16384 hd=64 n_hat=0 lam0=1.0000 lam_last=4.9900
[LongRoPE] build_rope_cache_longrope: seq_len=16384 hd=64 n_hat=0 lam0=1.0000 lam_last=4.6300
[LongRoPE] build_rope_cache_longrope: seq_len=16384 hd=64 n_hat=0 lam0=1.0000 lam_last=4.9900
[LongRoPE] build_rope_cache_longrope: seq_len=16384 hd=64 n_hat=0 lam0=1.0000 lam_last=4.6300
[LongRoPE] build_rope_cache_longrope: seq_len=16384 hd=64 n_hat=0 lam0=1.0000 lam_last=4.7400
[LongRoPE] build_rope_cache_longrope: seq_len=16384 hd=64 n_hat=0 lam0=1.0000 lam_last=4.6300
[LongRoPE] build_rope_cache_longrope: seq_len=16384 hd=64 n_hat=0 lam0=1.0000 lam_last=4.4600
[LongRoPE] build_rope_cache_longrope: seq_len=16384 hd=64 n_hat=12 lam0=1.0000 lam_last=4.7400
[LongRoPE] build_rope_cache_longrope: seq_len=16384 hd=64 n_hat=0 lam0=1.0000 lam_last=4.4600
[LongRoPE] build_rope_cache_longrope: seq_len=16384 hd=64 n_hat=28 lam0=1.0000 lam_last=4.9800
[LongRoPE] build_rope_cache_longrope: seq_len=16384 hd=64 n_hat=12 lam0=1.0000 lam_last=4.3800
[gen 5] best PPL 121.1728  n_hat=0  evals=216  elapsed=1.24h
[LongRoPE] build_rope_cache_longrope: seq_len=16384 hd=64 n_hat=0 lam0=1.0000 lam_last=4.3200
[LongRoPE] build_rope_cache_longrope: seq_len=16384 hd=64 n_hat=0 lam0=1.0000 lam_last=4.9800
[LongRoPE] build_rope_cache_longrope: seq_len=16384 hd=64 n_hat=0 lam0=2.5800 lam_last=4.9900
[LongRoPE] build_rope_cache_longrope: seq_len=16384 hd=64 n_hat=0 lam0=1.0000 lam_last=4.9100
[LongRoPE] build_rope_cache_longrope: seq_len=16384 hd=64 n_hat=0 lam0=1.0000 lam_last=4.5700
[LongRoPE] build_rope_cache_longrope: seq_len=16384 hd=64 n_hat=0 lam0=1.0000 lam_last=4.9800
[LongRoPE] build_rope_cache_longrope: seq_len=16384 hd=64 n_hat=20 lam0=1.0000 lam_last=4.9800
[LongRoPE] build_rope_cache_longrope: seq_len=16384 hd=64 n_hat=0 lam0=1.5900 lam_last=4.7600
[LongRoPE] build_rope_cache_longrope: seq_len=16384 hd=64 n_hat=0 lam0=1.0000 lam_last=4.2500
[LongRoPE] build_rope_cache_longrope: seq_len=16384 hd=64 n_hat=4 lam0=1.0000 lam_last=4.7400
[LongRoPE] build_rope_cache_longrope: seq_len=16384 hd=64 n_hat=256 lam0=1.0000 lam_last=4.9800
[LongRoPE] build_rope_cache_longrope: seq_len=16384 hd=64 n_hat=0 lam0=1.0000 lam_last=4.8900
[LongRoPE] build_rope_cache_longrope: seq_len=16384 hd=64 n_hat=20 lam0=1.0000 lam_last=4.7400
[LongRoPE] build_rope_cache_longrope: seq_len=16384 hd=64 n_hat=128 lam0=1.0000 lam_last=4.9900
[LongRoPE] build_rope_cache_longrope: seq_len=16384 hd=64 n_hat=0 lam0=1.0000 lam_last=4.7800
[LongRoPE] build_rope_cache_longrope: seq_len=16384 hd=64 n_hat=24 lam0=1.0000 lam_last=4.4300
[LongRoPE] build_rope_cache_longrope: seq_len=16384 hd=64 n_hat=12 lam0=1.0000 lam_last=4.6300
[LongRoPE] build_rope_cache_longrope: seq_len=16384 hd=64 n_hat=0 lam0=1.0000 lam_last=4.7400
[LongRoPE] build_rope_cache_longrope: seq_len=16384 hd=64 n_hat=0 lam0=1.0000 lam_last=4.9100
[LongRoPE] build_rope_cache_longrope: seq_len=16384 hd=64 n_hat=0 lam0=1.0000 lam_last=4.6300
[LongRoPE] build_rope_cache_longrope: seq_len=16384 hd=64 n_hat=28 lam0=1.0000 lam_last=4.7400
[LongRoPE] build_rope_cache_longrope: seq_len=16384 hd=64 n_hat=0 lam0=1.0000 lam_last=4.9900
[LongRoPE] build_rope_cache_longrope: seq_len=16384 hd=64 n_hat=0 lam0=1.0000 lam_last=4.8500
[LongRoPE] build_rope_cache_longrope: seq_len=16384 hd=64 n_hat=0 lam0=1.0000 lam_last=4.9900
[LongRoPE] build_rope_cache_longrope: seq_len=16384 hd=64 n_hat=28 lam0=1.0000 lam_last=4.9100
[LongRoPE] build_rope_cache_longrope: seq_len=16384 hd=64 n_hat=0 lam0=1.0000 lam_last=4.9800
[LongRoPE] build_rope_cache_longrope: seq_len=16384 hd=64 n_hat=0 lam0=1.0000 lam_last=4.4600
[LongRoPE] build_rope_cache_longrope: seq_len=16384 hd=64 n_hat=0 lam0=1.0000 lam_last=4.7400
[LongRoPE] build_rope_cache_longrope: seq_len=16384 hd=64 n_hat=0 lam0=1.0000 lam_last=4.4600
[LongRoPE] build_rope_cache_longrope: seq_len=16384 hd=64 n_hat=0 lam0=1.0000 lam_last=4.7400
[LongRoPE] build_rope_cache_longrope: seq_len=16384 hd=64 n_hat=0 lam0=1.0000 lam_last=4.9800
[LongRoPE] build_rope_cache_longrope: seq_len=16384 hd=64 n_hat=0 lam0=1.0000 lam_last=4.9900
[gen 6] best PPL 121.1728  n_hat=0  evals=248  elapsed=1.42h
[LongRoPE] build_rope_cache_longrope: seq_len=16384 hd=64 n_hat=0 lam0=1.0000 lam_last=4.7400
[LongRoPE] build_rope_cache_longrope: seq_len=16384 hd=64 n_hat=128 lam0=3.8700 lam_last=4.7400
[LongRoPE] build_rope_cache_longrope: seq_len=16384 hd=64 n_hat=12 lam0=1.5700 lam_last=4.9400
[LongRoPE] build_rope_cache_longrope: seq_len=16384 hd=64 n_hat=0 lam0=1.0000 lam_last=4.9900
[LongRoPE] build_rope_cache_longrope: seq_len=16384 hd=64 n_hat=0 lam0=3.9300 lam_last=4.9900
[LongRoPE] build_rope_cache_longrope: seq_len=16384 hd=64 n_hat=12 lam0=1.0000 lam_last=4.9100
[LongRoPE] build_rope_cache_longrope: seq_len=16384 hd=64 n_hat=28 lam0=4.8400 lam_last=4.8400
[LongRoPE] build_rope_cache_longrope: seq_len=16384 hd=64 n_hat=0 lam0=1.0000 lam_last=4.7600
[LongRoPE] build_rope_cache_longrope: seq_len=16384 hd=64 n_hat=0 lam0=3.8800 lam_last=4.7400
[LongRoPE] build_rope_cache_longrope: seq_len=16384 hd=64 n_hat=0 lam0=1.0000 lam_last=4.8900
[LongRoPE] build_rope_cache_longrope: seq_len=16384 hd=64 n_hat=4 lam0=3.1100 lam_last=4.9100
[LongRoPE] build_rope_cache_longrope: seq_len=16384 hd=64 n_hat=0 lam0=4.0300 lam_last=4.8100
[LongRoPE] build_rope_cache_longrope: seq_len=16384 hd=64 n_hat=0 lam0=1.0000 lam_last=4.8500
[LongRoPE] build_rope_cache_longrope: seq_len=16384 hd=64 n_hat=28 lam0=3.3700 lam_last=4.5000
[LongRoPE] build_rope_cache_longrope: seq_len=16384 hd=64 n_hat=0 lam0=1.0000 lam_last=4.9100
[LongRoPE] build_rope_cache_longrope: seq_len=16384 hd=64 n_hat=0 lam0=1.0000 lam_last=4.9100
[LongRoPE] build_rope_cache_longrope: seq_len=16384 hd=64 n_hat=24 lam0=1.0000 lam_last=4.9100
[LongRoPE] build_rope_cache_longrope: seq_len=16384 hd=64 n_hat=24 lam0=1.0000 lam_last=4.4600
[LongRoPE] build_rope_cache_longrope: seq_len=16384 hd=64 n_hat=28 lam0=1.0000 lam_last=4.9100
[LongRoPE] build_rope_cache_longrope: seq_len=16384 hd=64 n_hat=0 lam0=1.0000 lam_last=4.9900
[LongRoPE] build_rope_cache_longrope: seq_len=16384 hd=64 n_hat=0 lam0=1.0000 lam_last=4.9900
[LongRoPE] build_rope_cache_longrope: seq_len=16384 hd=64 n_hat=0 lam0=1.0000 lam_last=4.9900
[LongRoPE] build_rope_cache_longrope: seq_len=16384 hd=64 n_hat=0 lam0=1.0000 lam_last=4.9900
[LongRoPE] build_rope_cache_longrope: seq_len=16384 hd=64 n_hat=0 lam0=1.0000 lam_last=4.9800
[LongRoPE] build_rope_cache_longrope: seq_len=16384 hd=64 n_hat=0 lam0=1.0000 lam_last=4.9900
[LongRoPE] build_rope_cache_longrope: seq_len=16384 hd=64 n_hat=0 lam0=1.0000 lam_last=4.9800
[LongRoPE] build_rope_cache_longrope: seq_len=16384 hd=64 n_hat=0 lam0=1.0000 lam_last=4.7400
[LongRoPE] build_rope_cache_longrope: seq_len=16384 hd=64 n_hat=0 lam0=1.0000 lam_last=4.9900
[LongRoPE] build_rope_cache_longrope: seq_len=16384 hd=64 n_hat=12 lam0=1.0000 lam_last=4.9800
[LongRoPE] build_rope_cache_longrope: seq_len=16384 hd=64 n_hat=0 lam0=1.0000 lam_last=4.4300
[LongRoPE] build_rope_cache_longrope: seq_len=16384 hd=64 n_hat=0 lam0=1.0000 lam_last=4.8500
[LongRoPE] build_rope_cache_longrope: seq_len=16384 hd=64 n_hat=0 lam0=1.0000 lam_last=4.5000
[gen 7] best PPL 121.1728  n_hat=0  evals=280  elapsed=1.61h
[LongRoPE] build_rope_cache_longrope: seq_len=16384 hd=64 n_hat=4 lam0=2.2700 lam_last=4.9800
[LongRoPE] build_rope_cache_longrope: seq_len=16384 hd=64 n_hat=12 lam0=4.4900 lam_last=4.9400
[LongRoPE] build_rope_cache_longrope: seq_len=16384 hd=64 n_hat=0 lam0=1.0000 lam_last=4.9900
[LongRoPE] build_rope_cache_longrope: seq_len=16384 hd=64 n_hat=0 lam0=1.0000 lam_last=4.9900
[LongRoPE] build_rope_cache_longrope: seq_len=16384 hd=64 n_hat=0 lam0=1.0000 lam_last=4.4700
[LongRoPE] build_rope_cache_longrope: seq_len=16384 hd=64 n_hat=28 lam0=2.1600 lam_last=4.9100
[LongRoPE] build_rope_cache_longrope: seq_len=16384 hd=64 n_hat=0 lam0=3.5600 lam_last=4.9900
[LongRoPE] build_rope_cache_longrope: seq_len=16384 hd=64 n_hat=0 lam0=1.0500 lam_last=4.9900
[LongRoPE] build_rope_cache_longrope: seq_len=16384 hd=64 n_hat=12 lam0=1.5700 lam_last=4.9400
[LongRoPE] build_rope_cache_longrope: seq_len=16384 hd=64 n_hat=4 lam0=1.0000 lam_last=4.9900
[LongRoPE] build_rope_cache_longrope: seq_len=16384 hd=64 n_hat=0 lam0=1.0000 lam_last=4.9900
[LongRoPE] build_rope_cache_longrope: seq_len=16384 hd=64 n_hat=0 lam0=1.0000 lam_last=4.9900
[LongRoPE] build_rope_cache_longrope: seq_len=16384 hd=64 n_hat=12 lam0=3.1100 lam_last=4.9800
[LongRoPE] build_rope_cache_longrope: seq_len=16384 hd=64 n_hat=28 lam0=1.0000 lam_last=4.5800
[LongRoPE] build_rope_cache_longrope: seq_len=16384 hd=64 n_hat=8 lam0=1.0000 lam_last=4.9700
[LongRoPE] build_rope_cache_longrope: seq_len=16384 hd=64 n_hat=0 lam0=1.0000 lam_last=4.9900
[LongRoPE] build_rope_cache_longrope: seq_len=16384 hd=64 n_hat=0 lam0=1.0000 lam_last=4.9900
[LongRoPE] build_rope_cache_longrope: seq_len=16384 hd=64 n_hat=0 lam0=1.0000 lam_last=4.9900
[LongRoPE] build_rope_cache_longrope: seq_len=16384 hd=64 n_hat=0 lam0=1.0000 lam_last=4.7400
[LongRoPE] build_rope_cache_longrope: seq_len=16384 hd=64 n_hat=0 lam0=1.0000 lam_last=4.4600
[LongRoPE] build_rope_cache_longrope: seq_len=16384 hd=64 n_hat=0 lam0=1.0000 lam_last=4.9900
[LongRoPE] build_rope_cache_longrope: seq_len=16384 hd=64 n_hat=0 lam0=1.0000 lam_last=4.9900
[LongRoPE] build_rope_cache_longrope: seq_len=16384 hd=64 n_hat=0 lam0=1.0000 lam_last=4.9900
[LongRoPE] build_rope_cache_longrope: seq_len=16384 hd=64 n_hat=0 lam0=1.5700 lam_last=4.9400
[LongRoPE] build_rope_cache_longrope: seq_len=16384 hd=64 n_hat=28 lam0=1.0000 lam_last=4.7400
[LongRoPE] build_rope_cache_longrope: seq_len=16384 hd=64 n_hat=0 lam0=1.0000 lam_last=4.9900
[LongRoPE] build_rope_cache_longrope: seq_len=16384 hd=64 n_hat=0 lam0=1.0000 lam_last=4.9900
[LongRoPE] build_rope_cache_longrope: seq_len=16384 hd=64 n_hat=0 lam0=1.0000 lam_last=4.7400
[LongRoPE] build_rope_cache_longrope: seq_len=16384 hd=64 n_hat=0 lam0=1.0000 lam_last=4.9900
[LongRoPE] build_rope_cache_longrope: seq_len=16384 hd=64 n_hat=0 lam0=1.0000 lam_last=4.7400
[LongRoPE] build_rope_cache_longrope: seq_len=16384 hd=64 n_hat=0 lam0=1.0000 lam_last=4.7400
[LongRoPE] build_rope_cache_longrope: seq_len=16384 hd=64 n_hat=0 lam0=1.0000 lam_last=4.4300
[gen 8] best PPL 121.1728  n_hat=0  evals=312  elapsed=1.79h
[LongRoPE] build_rope_cache_longrope: seq_len=16384 hd=64 n_hat=4 lam0=1.0000 lam_last=4.7300
[LongRoPE] build_rope_cache_longrope: seq_len=16384 hd=64 n_hat=0 lam0=1.0000 lam_last=4.9900
[LongRoPE] build_rope_cache_longrope: seq_len=16384 hd=64 n_hat=0 lam0=1.0000 lam_last=4.7800
[LongRoPE] build_rope_cache_longrope: seq_len=16384 hd=64 n_hat=0 lam0=4.9300 lam_last=4.9900
[LongRoPE] build_rope_cache_longrope: seq_len=16384 hd=64 n_hat=12 lam0=1.0000 lam_last=4.3800
[LongRoPE] build_rope_cache_longrope: seq_len=16384 hd=64 n_hat=0 lam0=1.0000 lam_last=4.9900
[LongRoPE] build_rope_cache_longrope: seq_len=16384 hd=64 n_hat=2 lam0=1.0000 lam_last=4.8400
[LongRoPE] build_rope_cache_longrope: seq_len=16384 hd=64 n_hat=0 lam0=1.0000 lam_last=4.8300
[LongRoPE] build_rope_cache_longrope: seq_len=16384 hd=64 n_hat=0 lam0=1.0000 lam_last=4.7400
[LongRoPE] build_rope_cache_longrope: seq_len=16384 hd=64 n_hat=24 lam0=3.8900 lam_last=4.9900
[LongRoPE] build_rope_cache_longrope: seq_len=16384 hd=64 n_hat=0 lam0=1.0000 lam_last=4.9900
[LongRoPE] build_rope_cache_longrope: seq_len=16384 hd=64 n_hat=0 lam0=3.4200 lam_last=4.9900
[LongRoPE] build_rope_cache_longrope: seq_len=16384 hd=64 n_hat=1 lam0=1.0000 lam_last=4.6600
[LongRoPE] build_rope_cache_longrope: seq_len=16384 hd=64 n_hat=0 lam0=1.0000 lam_last=4.4800
[LongRoPE] build_rope_cache_longrope: seq_len=16384 hd=64 n_hat=24 lam0=1.0000 lam_last=4.9100
[LongRoPE] build_rope_cache_longrope: seq_len=16384 hd=64 n_hat=0 lam0=1.3700 lam_last=4.7400
[LongRoPE] build_rope_cache_longrope: seq_len=16384 hd=64 n_hat=24 lam0=1.0000 lam_last=4.9900
[LongRoPE] build_rope_cache_longrope: seq_len=16384 hd=64 n_hat=0 lam0=1.0000 lam_last=4.9900
[LongRoPE] build_rope_cache_longrope: seq_len=16384 hd=64 n_hat=0 lam0=1.0000 lam_last=4.9100
[LongRoPE] build_rope_cache_longrope: seq_len=16384 hd=64 n_hat=0 lam0=1.0000 lam_last=4.9100
[LongRoPE] build_rope_cache_longrope: seq_len=16384 hd=64 n_hat=0 lam0=1.0000 lam_last=4.9900
[LongRoPE] build_rope_cache_longrope: seq_len=16384 hd=64 n_hat=0 lam0=1.0000 lam_last=4.9900
[LongRoPE] build_rope_cache_longrope: seq_len=16384 hd=64 n_hat=0 lam0=1.0000 lam_last=4.9900
[LongRoPE] build_rope_cache_longrope: seq_len=16384 hd=64 n_hat=0 lam0=1.0000 lam_last=4.9900
[LongRoPE] build_rope_cache_longrope: seq_len=16384 hd=64 n_hat=0 lam0=1.0000 lam_last=4.9900
[LongRoPE] build_rope_cache_longrope: seq_len=16384 hd=64 n_hat=0 lam0=1.0000 lam_last=4.9900
[LongRoPE] build_rope_cache_longrope: seq_len=16384 hd=64 n_hat=0 lam0=1.0000 lam_last=4.7400
[LongRoPE] build_rope_cache_longrope: seq_len=16384 hd=64 n_hat=24 lam0=1.0000 lam_last=4.9900
[LongRoPE] build_rope_cache_longrope: seq_len=16384 hd=64 n_hat=0 lam0=1.0000 lam_last=4.9900
[LongRoPE] build_rope_cache_longrope: seq_len=16384 hd=64 n_hat=0 lam0=1.0000 lam_last=4.9900
[LongRoPE] build_rope_cache_longrope: seq_len=16384 hd=64 n_hat=0 lam0=1.0000 lam_last=4.9900
[LongRoPE] build_rope_cache_longrope: seq_len=16384 hd=64 n_hat=0 lam0=1.0000 lam_last=4.9900
[gen 9] best PPL 121.1728  n_hat=0  evals=344  elapsed=1.97h
[LongRoPE] build_rope_cache_longrope: seq_len=16384 hd=64 n_hat=32 lam0=1.0000 lam_last=4.4900
[LongRoPE] build_rope_cache_longrope: seq_len=16384 hd=64 n_hat=32 lam0=4.5400 lam_last=4.9900
[LongRoPE] build_rope_cache_longrope: seq_len=16384 hd=64 n_hat=0 lam0=2.2100 lam_last=4.9900
[LongRoPE] build_rope_cache_longrope: seq_len=16384 hd=64 n_hat=0 lam0=1.0000 lam_last=4.6400
[LongRoPE] build_rope_cache_longrope: seq_len=16384 hd=64 n_hat=8 lam0=2.1300 lam_last=4.9900
[LongRoPE] build_rope_cache_longrope: seq_len=16384 hd=64 n_hat=0 lam0=2.6200 lam_last=4.9900
[LongRoPE] build_rope_cache_longrope: seq_len=16384 hd=64 n_hat=0 lam0=1.0000 lam_last=4.9900
[LongRoPE] build_rope_cache_longrope: seq_len=16384 hd=64 n_hat=0 lam0=1.0000 lam_last=4.9900
[LongRoPE] build_rope_cache_longrope: seq_len=16384 hd=64 n_hat=0 lam0=1.3200 lam_last=5.0000
[LongRoPE] build_rope_cache_longrope: seq_len=16384 hd=64 n_hat=4 lam0=1.0000 lam_last=4.8600
[LongRoPE] build_rope_cache_longrope: seq_len=16384 hd=64 n_hat=0 lam0=1.0000 lam_last=4.9900
[LongRoPE] build_rope_cache_longrope: seq_len=16384 hd=64 n_hat=0 lam0=1.7600 lam_last=4.9900
